// Jest Snapshot v1, https://goo.gl/fbAQLP

exports[`Test getting started screen should render correctly with snapshot 1`] = `[Function]`;
